2025-10-15 21:33:42.619 WARNING streamlit.runtime.scriptrunner_utils.script_run_context: Thread 'MainThread': missing ScriptRunContext! This warning can be ignored when running in bare mode.
2025-10-15 21:33:42.629 WARNING streamlit.runtime.caching.cache_data_api: No runtime found, using MemoryCacheStorageManager
2025-10-15 21:33:42.632 WARNING streamlit.runtime.caching.cache_data_api: No runtime found, using MemoryCacheStorageManager
2025-10-15 21:33:42.633 WARNING streamlit.runtime.scriptrunner_utils.script_run_context: Thread 'MainThread': missing ScriptRunContext! This warning can be ignored when running in bare mode.
2025-10-15 21:33:43.606 
  Warning: to view this Streamlit app on a browser, run it with the following
  command:

    streamlit run test_all_features.py [ARGUMENTS]
2025-10-15 21:33:43.606 Thread 'MainThread': missing ScriptRunContext! This warning can be ignored when running in bare mode.
2025-10-15 21:33:43.607 Thread 'MainThread': missing ScriptRunContext! This warning can be ignored when running in bare mode.
2025-10-15 21:33:43.607 Thread 'MainThread': missing ScriptRunContext! This warning can be ignored when running in bare mode.
2025-10-15 21:33:43.737 Thread 'MainThread': missing ScriptRunContext! This warning can be ignored when running in bare mode.
2025-10-15 21:33:43.737 Thread 'MainThread': missing ScriptRunContext! This warning can be ignored when running in bare mode.
2025-10-15 21:33:43.738 Thread 'MainThread': missing ScriptRunContext! This warning can be ignored when running in bare mode.
2025-10-15 21:33:43.738 Thread 'MainThread': missing ScriptRunContext! This warning can be ignored when running in bare mode.
2025-10-15 21:33:43.739 Thread 'MainThread': missing ScriptRunContext! This warning can be ignored when running in bare mode.
2025-10-15 21:33:43.739 Thread 'MainThread': missing ScriptRunContext! This warning can be ignored when running in bare mode.
2025-10-15 21:33:43.739 Thread 'MainThread': missing ScriptRunContext! This warning can be ignored when running in bare mode.
2025-10-15 21:33:44.163 Thread 'MainThread': missing ScriptRunContext! This warning can be ignored when running in bare mode.
======================================================================
A-QLEGAL 3.0 - COMPLETE FEATURE TEST
======================================================================
2025-10-15 21:33:44.163 Thread 'MainThread': missing ScriptRunContext! This warning can be ignored when running in bare mode.
2025-10-15 21:33:44.163 Thread 'MainThread': missing ScriptRunContext! This warning can be ignored when running in bare mode.
Traceback (most recent call last):
  File "C:\Users\msgok\Desktop\A-Qlegal-main\test_all_features.py", line 90, in <module>
    main()
  File "C:\Users\msgok\Desktop\A-Qlegal-main\test_all_features.py", line 56, in main
    print(f'\n\u2705 System Initialized: {len(aqlegal.legal_data)} documents loaded')
  File "C:\Program Files\WindowsApps\PythonSoftwareFoundation.Python.3.11_3.11.2544.0_x64__qbz5n2kfra8p0\Lib\encodings\cp1252.py", line 19, in encode
    return codecs.charmap_encode(input,self.errors,encoding_table)[0]
           ^^^^^^^^^^^^^^^^^^^^^^^^^^^^^^^^^^^^^^^^^^^^^^^^^^^^^^^
UnicodeEncodeError: 'charmap' codec can't encode character '\u2705' in position 2: character maps to <undefined>
